HI-TECH Software C Compiler 

Linker command line:

--edf=C:\Program Files (x86)\HI-TECH Software\PICC\9.71a\dat\en_msgs.txt \
  -cs -h+bbm.sym -z -Q16F877A -ol.obj -Mbbm.map -E1 -ACONST=00h-0FFhx32 \
  -ACODE=00h-07FFhx4 -ASTRCODE=00h-01FFFh -AENTRY=00h-0FFhx32 \
  -ASTRING=00h-0FFhx32 -ABANK0=020h-06Fh -ABANK1=0A0h-0EFh \
  -ABANK2=0110h-016Fh -ABANK3=0190h-01EFh \
  -ARAM=020h-06Fh,0A0h-0EFh,0110h-016Fh,0190h-01EFh \
  -AABS1=020h-07Fh,0A0h-0EFh,0110h-016Fh,0190h-01EFh -ACOMMON=070h-07Fh \
  -ASFR0=00h-01Fh -ASFR1=080h-09Fh -ASFR2=0100h-010Fh -ASFR3=0180h-018Fh \
  -preset_vec=00h,intentry=04h,init,end_init -ppowerup=CODE -pfunctab=CODE \
  -ACONFIG=02007h-02007h -pconfig=CONFIG -DCONFIG=2 -AIDLOC=02000h-02003h \
  -pidloc=IDLOC -DIDLOC=2 -AEEDATA=00h-0FFh/02100h -peeprom_data=EEDATA \
  -DEEDATA=2 -DCODE=2 -DSTRCODE=2 -DSTRING=2 -DCONST=2 -DENTRY=2 -k \
  startup.obj bbm.obj 

Object code version is 3.10

Machine type is 16F877A



                Name                               Link     Load   Length Selector   Space Scale
startup.obj     end_init                             10       10        3        8       0
                reset_vec                             0        0        3        0       0
bbm.obj         intentry                              4        4        C        8       0
                config                             2007     2007        1     400E       0
                text293                             363      363       3C        8       0
                text292                             3E8      3E8       14        8       0
                text291                             28F      28F       72        8       0
                text290                             301      301       62        8       0
                text289                             3D3      3D3       15        8       0
                text288                             3BE      3BE       15        8       0
                text287                             39F      39F       1F        8       0
                maintext                             13       13      27C        8       0
                cstackBANK0                          5C       5C        B       20       1
                cstackCOMMON                         70       70        7       70       1
                clrtext                             40B      40B        8        8       0
                bssBANK0                             20       20       3C       20       1
                bssCOMMON                            77       77        2       70       1
                cinit                               3FC      3FC        F        8       0

TOTAL           Name                               Link     Load   Length     Space
        CLASS   CONST          

        CLASS   CODE           
                end_init                             10       10        3         0
                intentry                              4        4        C         0
                reset_vec                             0        0        3         0
                text293                             363      363       3C         0
                text292                             3E8      3E8       14         0
                text291                             28F      28F       72         0
                text290                             301      301       62         0
                text289                             3D3      3D3       15         0
                text288                             3BE      3BE       15         0
                text287                             39F      39F       1F         0
                maintext                             13       13      27C         0
                clrtext                             40B      40B        8         0
                cinit                               3FC      3FC        F         0

        CLASS   STRCODE        

        CLASS   ENTRY          

        CLASS   STRING         

        CLASS   BANK0          
                cstackBANK0                          5C       5C        B         1
                bssBANK0                             20       20       3C         1

        CLASS   BANK1          

        CLASS   BANK2          

        CLASS   BANK3          

        CLASS   RAM            

        CLASS   ABS1           
                abs_s1                               7E       7E        2         1

        CLASS   COMMON         
                cstackCOMMON                         70       70        7         1
                bssCOMMON                            77       77        2         1

        CLASS   SFR0           

        CLASS   SFR1           

        CLASS   SFR2           

        CLASS   SFR3           

        CLASS   CONFIG         
                config                             2007     2007        1         0

        CLASS   IDLOC          

        CLASS   EEDATA         



SEGMENTS        Name                           Load    Length   Top    Selector   Space  Class     Delta

                reset_vec                      000000  000003  000003         0       0  CODE        2
                intentry                       000004  00040F  000413         8       0  CODE        2
                bssBANK0                       000020  000047  000067        20       1  BANK0       1
                cstackCOMMON                   000070  000009  000079        70       1  COMMON      1
                config                         002007  000001  002008      400E       0  CONFIG      2


UNUSED ADDRESS RANGES

        Name                Unused          Largest block    Delta
        BANK0            0067-006F              9           1
        BANK1            00A0-00EF             50           1
        BANK2            0110-016F             60           1
        BANK3            0190-01EF             60           1
        CODE             0003-0003              1           2
                         0413-1FFF            800
        COMMON           0079-007D              5           1
        CONST            0003-0003              1           2
                         0413-1FFF            100
        EEDATA           2100-21FF            100           2
        ENTRY            0003-0003              1           2
                         0413-1FFF            100
        IDLOC            2000-2003              4           2
        RAM              0067-006F              9           1
                         00A0-00EF             50
                         0110-016F             60
                         0190-01EF             60
        SFR0             0000-001F             20           1
        SFR1             0080-009F             20           1
        SFR2             0100-010F             10           1
        SFR3             0180-018F             10           1
        STRCODE          0003-0003              1           2
                         0413-1FFF           1BED
        STRING           0003-0003              1           2
                         0413-1FFF            100

                                  Symbol Table

??___awdiv            cstackBANK0  0060
??___awmod            cstackBANK0  0060
??_delay              cstackBANK0  005E
??_isr                cstackCOMMON 0070
??_lcd_cmd            cstackBANK0  005E
??_lcd_data           cstackBANK0  005E
??_lcd_init           cstackBANK0  005F
??_main               cstackBANK0  0065
?___awdiv             cstackBANK0  005C
?___awmod             cstackBANK0  005C
?_delay               cstackBANK0  005C
?_isr                 cstackCOMMON 0070
?_lcd_cmd             cstackCOMMON 0070
?_lcd_data            cstackCOMMON 0070
?_lcd_init            cstackCOMMON 0070
?_main                cstackCOMMON 0070
_ADCON0               (abs)        001F
_ADCON1               (abs)        009F
_ADON                 (abs)        00F8
_ADRESH               (abs)        001E
_ADRESL               (abs)        009E
_CHS0                 (abs)        00FB
_CHS1                 (abs)        00FC
_CHS2                 (abs)        00FD
_GIE                  (abs)        005F
_PEIE                 (abs)        005E
_PORTB                (abs)        0006
_PORTC                (abs)        0007
_PORTD                (abs)        0008
_RB0                  (abs)        0030
_RB1                  (abs)        0031
_RB2                  (abs)        0032
_RB5                  (abs)        0035
_RB6                  (abs)        0036
_RCIE                 (abs)        0465
_RCIF                 (abs)        0065
_RCREG                (abs)        001A
_RCSTA                (abs)        0018
_SPBRG                (abs)        0099
_TRISB                (abs)        0086
_TRISC                (abs)        0087
_TRISD                (abs)        0088
_TXREG                (abs)        0019
_TXSTA                (abs)        0098
__Habs1               abs1         0000
__Hbank0              bank0        0000
__Hbank1              bank1        0000
__Hbank2              bank2        0000
__Hbank3              bank3        0000
__HbssBANK0           bssBANK0     0000
__HbssCOMMON          bssCOMMON    0000
__Hcinit              cinit        0000
__Hclrtext            clrtext      0000
__Hcode               code         0000
__Hcommon             common       0000
__Hconfig             config       2008
__HcstackBANK0        cstackBANK0  0000
__HcstackCOMMON       cstackCOMMON 0000
__Heeprom_data        eeprom_data  0000
__Hend_init           end_init     0013
__Hfunctab            functab      0000
__Hidloc              idloc        0000
__Hinit               init         0010
__Hintentry           intentry     0010
__Hmaintext           maintext     0000
__Hpowerup            powerup      0000
__Hram                ram          0000
__Hreset_vec          reset_vec    0003
__Hsfr0               sfr0         0000
__Hsfr1               sfr1         0000
__Hsfr2               sfr2         0000
__Hsfr3               sfr3         0000
__Hstrings            strings      0000
__Htext               text         0000
__Labs1               abs1         0000
__Lbank0              bank0        0000
__Lbank1              bank1        0000
__Lbank2              bank2        0000
__Lbank3              bank3        0000
__LbssBANK0           bssBANK0     0000
__LbssCOMMON          bssCOMMON    0000
__Lcinit              cinit        0000
__Lclrtext            clrtext      0000
__Lcode               code         0000
__Lcommon             common       0000
__Lconfig             config       2007
__LcstackBANK0        cstackBANK0  0000
__LcstackCOMMON       cstackCOMMON 0000
__Leeprom_data        eeprom_data  0000
__Lend_init           end_init     0010
__Lfunctab            functab      0000
__Lidloc              idloc        0000
__Linit               init         0010
__Lintentry           intentry     0004
__Lmaintext           maintext     0000
__Lpowerup            powerup      0000
__Lram                ram          0000
__Lreset_vec          reset_vec    0000
__Lsfr0               sfr0         0000
__Lsfr1               sfr1         0000
__Lsfr2               sfr2         0000
__Lsfr3               sfr3         0000
__Lstrings            strings      0000
__Ltext               text         0000
__S0                  (abs)        2008
__S1                  (abs)        0079
__S2                  (abs)        0000
___awdiv              text291      028F
___awdiv@counter      cstackBANK0  0061
___awdiv@dividend     cstackBANK0  005E
___awdiv@divisor      cstackBANK0  005C
___awdiv@quotient     cstackBANK0  0063
___awdiv@sign         cstackBANK0  0062
___awmod              text290      0301
___awmod@counter      cstackBANK0  0061
___awmod@dividend     cstackBANK0  005E
___awmod@divisor      cstackBANK0  005C
___awmod@sign         cstackBANK0  0062
__end_of___awdiv      text291      0301
__end_of___awmod      text290      0363
__end_of_delay        text292      03FC
__end_of_isr          text293      039F
__end_of_lcd_cmd      text288      03D3
__end_of_lcd_data     text289      03E8
__end_of_lcd_init     text287      03BE
__end_of_main         maintext     028F
__pbssBANK0           bssBANK0     0020
__pbssCOMMON          bssCOMMON    0077
__pcstackBANK0        cstackBANK0  005C
__pcstackCOMMON       cstackCOMMON 0070
__pintentry           intentry     0004
__pmaintext           maintext     0013
__ptext286            text286      0000
__ptext287            text287      039F
__ptext288            text288      03BE
__ptext289            text289      03D3
__ptext290            text290      0301
__ptext291            text291      028F
__ptext292            text292      03E8
__ptext293            text293      0363
__ptext294            text294      0000
__size_of___awdiv     (abs)        0000
__size_of___awmod     (abs)        0000
__size_of_delay       (abs)        0000
__size_of_isr         (abs)        0000
__size_of_lcd_cmd     (abs)        0000
__size_of_lcd_data    (abs)        0000
__size_of_lcd_init    (abs)        0000
__size_of_main        (abs)        0000
_a                    bssBANK0     003C
_a2                   bssBANK0     003E
_b                    bssBANK0     0040
_b2                   bssBANK0     0042
_c                    bssBANK0     0044
_c2                   bssBANK0     0046
_d                    bssBANK0     0048
_d2                   bssBANK0     004A
_data                 bssBANK0     0020
_delay                text292      03E8
_e                    bssBANK0     004C
_e2                   bssBANK0     004E
_exit                 init         0010
_f                    bssBANK0     0050
_f2                   bssBANK0     0052
_i                    bssBANK0     0054
_isr                  text293      0363
_j                    bssCOMMON    0077
_lcd_cmd              text288      03BE
_lcd_data             text289      03D3
_lcd_init             text287      039F
_main                 maintext     0013
_temp1                bssBANK0     0056
_temp2                bssBANK0     0058
_z                    bssBANK0     005A
btemp                 (abs)        007E
clear_ram             clrtext      040B
delay@x               cstackBANK0  005C
end_of_initialization cinit        0407
interrupt_function    intentry     0004
intlevel0             functab      0000
intlevel1             functab      0000
intlevel2             functab      0000
intlevel3             functab      0000
intlevel4             functab      0000
intlevel5             functab      0000
lcd_cmd@cmd           cstackBANK0  005E
lcd_data@data         cstackBANK0  005E
reset_vec             reset_vec    0000
saved_w               (abs)        007E
start                 init         0010
start_initialization  cinit        03FC
wtemp0                (abs)        007E
